// Jest Snapshot v1, https://goo.gl/fbAQLP

exports[`ProductTile should render the product tile with the default data 1`] = `
<div
  className="productCard undefined"
>
  <img
    alt="Product"
    className="productImg undefined"
    src="/coffee-mug.png"
  />
</div>
`;
